[2020-07-08T10:03:51.578-0200][gc,heap] Heap region size: 1M
[2020-07-08T10:03:51.586-0200][gc     ] Using G1
[2020-07-08T10:03:51.586-0200][gc,heap,coops] Heap address: 0x00000007c0000000, size: 1024 MB, Compressed Oops mode: Zero based, Oop shift amount: 3
[2020-07-08T10:03:52.514-0200][gc,start     ] GC(0) Pause Young (Concurrent Start) (Metadata GC Threshold)
[2020-07-08T10:03:52.514-0200][gc,task      ] GC(0) Using 13 workers of 13 for evacuation
[2020-07-08T10:03:52.520-0200][gc,phases    ] GC(0)   Pre Evacuate Collection Set: 0.0ms
[2020-07-08T10:03:52.520-0200][gc,phases    ] GC(0)   Evacuate Collection Set: 5.3ms
[2020-07-08T10:03:52.520-0200][gc,phases    ] GC(0)   Post Evacuate Collection Set: 0.3ms
[2020-07-08T10:03:52.520-0200][gc,phases    ] GC(0)   Other: 0.7ms
[2020-07-08T10:03:52.520-0200][gc,heap      ] GC(0) Eden regions: 38->0(44)
[2020-07-08T10:03:52.520-0200][gc,heap      ] GC(0) Survivor regions: 0->7(7)
[2020-07-08T10:03:52.520-0200][gc,heap      ] GC(0) Old regions: 0->0
[2020-07-08T10:03:52.520-0200][gc,heap      ] GC(0) Humongous regions: 0->0
[2020-07-08T10:03:52.520-0200][gc,metaspace ] GC(0) Metaspace: 20697K->20697K(1069056K)
[2020-07-08T10:03:52.520-0200][gc           ] GC(0) Pause Young (Concurrent Start) (Metadata GC Threshold) 38M->6M(1024M) 6.459ms
[2020-07-08T10:03:52.520-0200][gc,cpu       ] GC(0) User=0.04s Sys=0.01s Real=0.01s
[2020-07-08T10:03:52.520-0200][gc           ] GC(1) Concurrent Cycle
[2020-07-08T10:03:52.520-0200][gc,marking   ] GC(1) Concurrent Clear Claimed Marks
[2020-07-08T10:03:52.520-0200][gc,marking   ] GC(1) Concurrent Clear Claimed Marks 0.018ms
[2020-07-08T10:03:52.520-0200][gc,marking   ] GC(1) Concurrent Scan Root Regions
[2020-07-08T10:03:52.522-0200][gc,marking   ] GC(1) Concurrent Scan Root Regions 1.308ms
[2020-07-08T10:03:52.522-0200][gc,marking   ] GC(1) Concurrent Mark (0.950s)
[2020-07-08T10:03:52.522-0200][gc,marking   ] GC(1) Concurrent Mark From Roots
[2020-07-08T10:03:52.522-0200][gc,task      ] GC(1) Using 3 workers of 3 for marking
[2020-07-08T10:03:52.522-0200][gc,marking   ] GC(1) Concurrent Mark From Roots 0.166ms
[2020-07-08T10:03:52.522-0200][gc,marking   ] GC(1) Concurrent Preclean
[2020-07-08T10:03:52.522-0200][gc,marking   ] GC(1) Concurrent Preclean 0.034ms
[2020-07-08T10:03:52.522-0200][gc,marking   ] GC(1) Concurrent Mark (0.950s, 0.950s) 0.247ms
[2020-07-08T10:03:52.522-0200][gc,start     ] GC(1) Pause Remark
[2020-07-08T10:03:52.523-0200][gc,stringtable] GC(1) Cleaned string and symbol table, strings: 7363 processed, 0 removed, symbols: 63602 processed, 41 removed
[2020-07-08T10:03:52.523-0200][gc            ] GC(1) Pause Remark 7M->7M(1024M) 1.197ms
[2020-07-08T10:03:52.523-0200][gc,cpu        ] GC(1) User=0.00s Sys=0.00s Real=0.00s
[2020-07-08T10:03:52.523-0200][gc,marking    ] GC(1) Concurrent Rebuild Remembered Sets
[2020-07-08T10:03:52.523-0200][gc,marking    ] GC(1) Concurrent Rebuild Remembered Sets 0.076ms
[2020-07-08T10:03:52.523-0200][gc,start      ] GC(1) Pause Cleanup
[2020-07-08T10:03:52.524-0200][gc            ] GC(1) Pause Cleanup 7M->7M(1024M) 0.181ms
[2020-07-08T10:03:52.524-0200][gc,cpu        ] GC(1) User=0.00s Sys=0.00s Real=0.00s
[2020-07-08T10:03:52.524-0200][gc,marking    ] GC(1) Concurrent Cleanup for Next Mark
[2020-07-08T10:03:52.529-0200][gc,marking    ] GC(1) Concurrent Cleanup for Next Mark 4.844ms
[2020-07-08T10:03:52.529-0200][gc            ] GC(1) Concurrent Cycle 8.313ms
[2020-07-08T10:03:53.429-0200][gc,start      ] GC(2) Pause Young (Normal) (G1 Evacuation Pause)
[2020-07-08T10:03:53.429-0200][gc,task       ] GC(2) Using 13 workers of 13 for evacuation
[2020-07-08T10:03:53.434-0200][gc,phases     ] GC(2)   Pre Evacuate Collection Set: 0.0ms
[2020-07-08T10:03:53.434-0200][gc,phases     ] GC(2)   Evacuate Collection Set: 5.2ms
[2020-07-08T10:03:53.434-0200][gc,phases     ] GC(2)   Post Evacuate Collection Set: 0.3ms
[2020-07-08T10:03:53.434-0200][gc,phases     ] GC(2)   Other: 0.2ms
[2020-07-08T10:03:53.434-0200][gc,heap       ] GC(2) Eden regions: 44->0(48)
[2020-07-08T10:03:53.434-0200][gc,heap       ] GC(2) Survivor regions: 7->3(7)
[2020-07-08T10:03:53.435-0200][gc,heap       ] GC(2) Old regions: 0->7
[2020-07-08T10:03:53.435-0200][gc,heap       ] GC(2) Humongous regions: 129->129
[2020-07-08T10:03:53.435-0200][gc,metaspace  ] GC(2) Metaspace: 29421K->29421K(1075200K)
[2020-07-08T10:03:53.435-0200][gc            ] GC(2) Pause Young (Normal) (G1 Evacuation Pause) 179M->137M(1024M) 5.837ms
[2020-07-08T10:03:53.435-0200][gc,cpu        ] GC(2) User=0.05s Sys=0.02s Real=0.01s
[2020-07-08T10:03:53.824-0200][gc,start      ] GC(3) Pause Young (Concurrent Start) (Metadata GC Threshold)
[2020-07-08T10:03:53.824-0200][gc,task       ] GC(3) Using 13 workers of 13 for evacuation
[2020-07-08T10:03:53.828-0200][gc,phases     ] GC(3)   Pre Evacuate Collection Set: 0.1ms
[2020-07-08T10:03:53.828-0200][gc,phases     ] GC(3)   Evacuate Collection Set: 3.0ms
[2020-07-08T10:03:53.828-0200][gc,phases     ] GC(3)   Post Evacuate Collection Set: 0.3ms
[2020-07-08T10:03:53.828-0200][gc,phases     ] GC(3)   Other: 0.2ms
[2020-07-08T10:03:53.828-0200][gc,heap       ] GC(3) Eden regions: 29->0(46)
[2020-07-08T10:03:53.828-0200][gc,heap       ] GC(3) Survivor regions: 3->5(7)
[2020-07-08T10:03:53.828-0200][gc,heap       ] GC(3) Old regions: 7->7
[2020-07-08T10:03:53.828-0200][gc,heap       ] GC(3) Humongous regions: 129->129
[2020-07-08T10:03:53.828-0200][gc,metaspace  ] GC(3) Metaspace: 34940K->34940K(1081344K)
[2020-07-08T10:03:53.828-0200][gc            ] GC(3) Pause Young (Concurrent Start) (Metadata GC Threshold) 166M->140M(1024M) 3.669ms
[2020-07-08T10:03:53.828-0200][gc,cpu        ] GC(3) User=0.04s Sys=0.00s Real=0.00s
[2020-07-08T10:03:53.828-0200][gc            ] GC(4) Concurrent Cycle
[2020-07-08T10:03:53.828-0200][gc,marking    ] GC(4) Concurrent Clear Claimed Marks
[2020-07-08T10:03:53.828-0200][gc,marking    ] GC(4) Concurrent Clear Claimed Marks 0.049ms
[2020-07-08T10:03:53.828-0200][gc,marking    ] GC(4) Concurrent Scan Root Regions
[2020-07-08T10:03:53.830-0200][gc,marking    ] GC(4) Concurrent Scan Root Regions 1.595ms
[2020-07-08T10:03:53.830-0200][gc,marking    ] GC(4) Concurrent Mark (2.258s)
[2020-07-08T10:03:53.830-0200][gc,marking    ] GC(4) Concurrent Mark From Roots
[2020-07-08T10:03:53.830-0200][gc,task       ] GC(4) Using 3 workers of 3 for marking
[2020-07-08T10:03:53.834-0200][gc,marking    ] GC(4) Concurrent Mark From Roots 3.877ms
[2020-07-08T10:03:53.834-0200][gc,marking    ] GC(4) Concurrent Preclean
[2020-07-08T10:03:53.834-0200][gc,marking    ] GC(4) Concurrent Preclean 0.097ms
[2020-07-08T10:03:53.834-0200][gc,marking    ] GC(4) Concurrent Mark (2.258s, 2.262s) 4.038ms
[2020-07-08T10:03:53.834-0200][gc,start      ] GC(4) Pause Remark
[2020-07-08T10:03:53.835-0200][gc,stringtable] GC(4) Cleaned string and symbol table, strings: 13380 processed, 6 removed, symbols: 100401 processed, 35 removed
[2020-07-08T10:03:53.835-0200][gc            ] GC(4) Pause Remark 141M->141M(1024M) 1.460ms
[2020-07-08T10:03:53.835-0200][gc,cpu        ] GC(4) User=0.01s Sys=0.00s Real=0.00s
[2020-07-08T10:03:53.836-0200][gc,marking    ] GC(4) Concurrent Rebuild Remembered Sets
[2020-07-08T10:03:53.839-0200][gc,marking    ] GC(4) Concurrent Rebuild Remembered Sets 3.138ms
[2020-07-08T10:03:53.839-0200][gc,start      ] GC(4) Pause Cleanup
[2020-07-08T10:03:53.839-0200][gc            ] GC(4) Pause Cleanup 141M->141M(1024M) 0.140ms
[2020-07-08T10:03:53.839-0200][gc,cpu        ] GC(4) User=0.00s Sys=0.01s Real=0.00s
[2020-07-08T10:03:53.839-0200][gc,marking    ] GC(4) Concurrent Cleanup for Next Mark
[2020-07-08T10:03:53.844-0200][gc,marking    ] GC(4) Concurrent Cleanup for Next Mark 5.177ms
[2020-07-08T10:03:53.844-0200][gc            ] GC(4) Concurrent Cycle 16.079ms
[2020-07-08T10:03:54.728-0200][gc,start      ] GC(5) Pause Young (Normal) (G1 Evacuation Pause)
[2020-07-08T10:03:54.728-0200][gc,task       ] GC(5) Using 13 workers of 13 for evacuation
[2020-07-08T10:03:54.732-0200][gc,phases     ] GC(5)   Pre Evacuate Collection Set: 0.0ms
[2020-07-08T10:03:54.732-0200][gc,phases     ] GC(5)   Evacuate Collection Set: 3.1ms
[2020-07-08T10:03:54.732-0200][gc,phases     ] GC(5)   Post Evacuate Collection Set: 0.5ms
[2020-07-08T10:03:54.732-0200][gc,phases     ] GC(5)   Other: 0.1ms
[2020-07-08T10:03:54.732-0200][gc,heap       ] GC(5) Eden regions: 46->0(44)
[2020-07-08T10:03:54.732-0200][gc,heap       ] GC(5) Survivor regions: 5->7(7)
[2020-07-08T10:03:54.732-0200][gc,heap       ] GC(5) Old regions: 7->9
[2020-07-08T10:03:54.732-0200][gc,heap       ] GC(5) Humongous regions: 129->129
[2020-07-08T10:03:54.732-0200][gc,metaspace  ] GC(5) Metaspace: 46149K->46149K(1091584K)
[2020-07-08T10:03:54.732-0200][gc            ] GC(5) Pause Young (Normal) (G1 Evacuation Pause) 186M->144M(1024M) 3.927ms
[2020-07-08T10:03:54.732-0200][gc,cpu        ] GC(5) User=0.04s Sys=0.00s Real=0.01s
[2020-07-08T10:35:01.001-0200][gc,start      ] GC(6) Pause Young (Normal) (G1 Evacuation Pause)
[2020-07-08T10:35:01.001-0200][gc,task       ] GC(6) Using 13 workers of 13 for evacuation
[2020-07-08T10:35:01.005-0200][gc,phases     ] GC(6)   Pre Evacuate Collection Set: 0.0ms
[2020-07-08T10:35:01.005-0200][gc,phases     ] GC(6)   Evacuate Collection Set: 3.9ms
[2020-07-08T10:35:01.006-0200][gc,phases     ] GC(6)   Post Evacuate Collection Set: 0.4ms
[2020-07-08T10:35:01.006-0200][gc,phases     ] GC(6)   Other: 0.2ms
[2020-07-08T10:35:01.006-0200][gc,heap       ] GC(6) Eden regions: 44->0(46)
[2020-07-08T10:35:01.006-0200][gc,heap       ] GC(6) Survivor regions: 7->5(7)
[2020-07-08T10:35:01.006-0200][gc,heap       ] GC(6) Old regions: 9->12
[2020-07-08T10:35:01.006-0200][gc,heap       ] GC(6) Humongous regions: 129->129
[2020-07-08T10:35:01.006-0200][gc,metaspace  ] GC(6) Metaspace: 51157K->51157K(1095680K)
[2020-07-08T10:35:01.006-0200][gc            ] GC(6) Pause Young (Normal) (G1 Evacuation Pause) 188M->145M(1024M) 4.704ms
[2020-07-08T10:35:01.006-0200][gc,cpu        ] GC(6) User=0.05s Sys=0.00s Real=0.00s
[2020-07-08T11:24:19.402-0200][gc,start      ] GC(7) Pause Young (Normal) (G1 Evacuation Pause)
[2020-07-08T11:24:19.402-0200][gc,task       ] GC(7) Using 13 workers of 13 for evacuation
[2020-07-08T11:24:19.406-0200][gc,phases     ] GC(7)   Pre Evacuate Collection Set: 0.0ms
[2020-07-08T11:24:19.406-0200][gc,phases     ] GC(7)   Evacuate Collection Set: 4.0ms
[2020-07-08T11:24:19.406-0200][gc,phases     ] GC(7)   Post Evacuate Collection Set: 0.4ms
[2020-07-08T11:24:19.406-0200][gc,phases     ] GC(7)   Other: 0.3ms
[2020-07-08T11:24:19.406-0200][gc,heap       ] GC(7) Eden regions: 46->0(49)
[2020-07-08T11:24:19.406-0200][gc,heap       ] GC(7) Survivor regions: 5->2(7)
[2020-07-08T11:24:19.406-0200][gc,heap       ] GC(7) Old regions: 12->15
[2020-07-08T11:24:19.406-0200][gc,heap       ] GC(7) Humongous regions: 129->129
[2020-07-08T11:24:19.406-0200][gc,metaspace  ] GC(7) Metaspace: 51351K->51351K(1095680K)
[2020-07-08T11:24:19.406-0200][gc            ] GC(7) Pause Young (Normal) (G1 Evacuation Pause) 191M->145M(1024M) 4.910ms
[2020-07-08T11:24:19.406-0200][gc,cpu        ] GC(7) User=0.04s Sys=0.01s Real=0.00s
[2020-07-08T12:17:04.430-0200][gc,start      ] GC(8) Pause Young (Normal) (G1 Evacuation Pause)
[2020-07-08T12:17:04.430-0200][gc,task       ] GC(8) Using 13 workers of 13 for evacuation
[2020-07-08T12:17:04.432-0200][gc,phases     ] GC(8)   Pre Evacuate Collection Set: 0.2ms
[2020-07-08T12:17:04.432-0200][gc,phases     ] GC(8)   Evacuate Collection Set: 1.9ms
[2020-07-08T12:17:04.432-0200][gc,phases     ] GC(8)   Post Evacuate Collection Set: 0.4ms
[2020-07-08T12:17:04.432-0200][gc,phases     ] GC(8)   Other: 0.4ms
[2020-07-08T12:17:04.432-0200][gc,heap       ] GC(8) Eden regions: 49->0(51)
[2020-07-08T12:17:04.432-0200][gc,heap       ] GC(8) Survivor regions: 2->2(7)
[2020-07-08T12:17:04.432-0200][gc,heap       ] GC(8) Old regions: 15->15
[2020-07-08T12:17:04.432-0200][gc,heap       ] GC(8) Humongous regions: 129->129
[2020-07-08T12:17:04.433-0200][gc,metaspace  ] GC(8) Metaspace: 51468K->51468K(1095680K)
[2020-07-08T12:17:04.433-0200][gc            ] GC(8) Pause Young (Normal) (G1 Evacuation Pause) 194M->144M(1024M) 3.009ms
[2020-07-08T12:17:04.433-0200][gc,cpu        ] GC(8) User=0.02s Sys=0.00s Real=0.00s
[2020-07-08T13:11:19.467-0200][gc,start      ] GC(9) Pause Young (Normal) (G1 Evacuation Pause)
[2020-07-08T13:11:19.468-0200][gc,task       ] GC(9) Using 13 workers of 13 for evacuation
[2020-07-08T13:11:19.470-0200][gc,phases     ] GC(9)   Pre Evacuate Collection Set: 0.0ms
[2020-07-08T13:11:19.470-0200][gc,phases     ] GC(9)   Evacuate Collection Set: 1.4ms
[2020-07-08T13:11:19.470-0200][gc,phases     ] GC(9)   Post Evacuate Collection Set: 0.4ms
[2020-07-08T13:11:19.470-0200][gc,phases     ] GC(9)   Other: 1.4ms
[2020-07-08T13:11:19.470-0200][gc,heap       ] GC(9) Eden regions: 51->0(70)
[2020-07-08T13:11:19.470-0200][gc,heap       ] GC(9) Survivor regions: 2->2(7)
[2020-07-08T13:11:19.470-0200][gc,heap       ] GC(9) Old regions: 15->15
[2020-07-08T13:11:19.470-0200][gc,heap       ] GC(9) Humongous regions: 129->129
[2020-07-08T13:11:19.470-0200][gc,metaspace  ] GC(9) Metaspace: 51510K->51510K(1095680K)
[2020-07-08T13:11:19.470-0200][gc            ] GC(9) Pause Young (Normal) (G1 Evacuation Pause) 195M->144M(1024M) 3.430ms
[2020-07-08T13:11:19.470-0200][gc,cpu        ] GC(9) User=0.02s Sys=0.00s Real=0.01s
[2020-07-08T14:26:35.348-0200][gc,start      ] GC(10) Pause Young (Normal) (G1 Evacuation Pause)
[2020-07-08T14:26:35.349-0200][gc,task       ] GC(10) Using 13 workers of 13 for evacuation
[2020-07-08T14:26:35.352-0200][gc,phases     ] GC(10)   Pre Evacuate Collection Set: 0.0ms
[2020-07-08T14:26:35.352-0200][gc,phases     ] GC(10)   Evacuate Collection Set: 1.8ms
[2020-07-08T14:26:35.352-0200][gc,phases     ] GC(10)   Post Evacuate Collection Set: 0.5ms
[2020-07-08T14:26:35.352-0200][gc,phases     ] GC(10)   Other: 1.4ms
[2020-07-08T14:26:35.352-0200][gc,heap       ] GC(10) Eden regions: 70->0(101)
[2020-07-08T14:26:35.352-0200][gc,heap       ] GC(10) Survivor regions: 2->2(9)
[2020-07-08T14:26:35.352-0200][gc,heap       ] GC(10) Old regions: 15->15
[2020-07-08T14:26:35.352-0200][gc,heap       ] GC(10) Humongous regions: 129->129
[2020-07-08T14:26:35.352-0200][gc,metaspace  ] GC(10) Metaspace: 51608K->51608K(1095680K)
[2020-07-08T14:26:35.352-0200][gc            ] GC(10) Pause Young (Normal) (G1 Evacuation Pause) 214M->144M(1024M) 3.933ms
[2020-07-08T14:26:35.352-0200][gc,cpu        ] GC(10) User=0.02s Sys=0.00s Real=0.01s
[2020-07-08T15:08:02.922-0200][gc,heap,exit  ] Heap
[2020-07-08T15:08:02.922-0200][gc,heap,exit  ]  garbage-first heap   total 1048576K, used 197600K [0x00000007c0000000, 0x0000000800000000)
[2020-07-08T15:08:02.922-0200][gc,heap,exit  ]   region size 1024K, 52 young (53248K), 2 survivors (2048K)
[2020-07-08T15:08:02.922-0200][gc,heap,exit  ]  Metaspace       used 52280K, capacity 54154K, committed 54480K, reserved 1095680K
[2020-07-08T15:08:02.922-0200][gc,heap,exit  ]   class space    used 6531K, capacity 7431K, committed 7552K, reserved 1048576K
