[2020-07-08T10:03:31.407-0200][gc,heap] Heap region size: 1M
[2020-07-08T10:03:31.411-0200][gc     ] Using G1
[2020-07-08T10:03:31.411-0200][gc,heap,coops] Heap address: 0x00000007e0000000, size: 512 MB, Compressed Oops mode: Zero based, Oop shift amount: 3
[2020-07-08T10:03:52.597-0200][gc,start     ] GC(0) Pause Young (Normal) (G1 Evacuation Pause)
[2020-07-08T10:03:52.598-0200][gc,task      ] GC(0) Using 12 workers of 13 for evacuation
[2020-07-08T10:03:52.602-0200][gc,phases    ] GC(0)   Pre Evacuate Collection Set: 0.0ms
[2020-07-08T10:03:52.602-0200][gc,phases    ] GC(0)   Evacuate Collection Set: 4.1ms
[2020-07-08T10:03:52.602-0200][gc,phases    ] GC(0)   Post Evacuate Collection Set: 0.3ms
[2020-07-08T10:03:52.602-0200][gc,phases    ] GC(0)   Other: 0.5ms
[2020-07-08T10:03:52.602-0200][gc,heap      ] GC(0) Eden regions: 25->0(21)
[2020-07-08T10:03:52.602-0200][gc,heap      ] GC(0) Survivor regions: 0->4(4)
[2020-07-08T10:03:52.602-0200][gc,heap      ] GC(0) Old regions: 0->3
[2020-07-08T10:03:52.602-0200][gc,heap      ] GC(0) Humongous regions: 0->0
[2020-07-08T10:03:52.602-0200][gc,metaspace ] GC(0) Metaspace: 15247K->15247K(1062912K)
[2020-07-08T10:03:52.602-0200][gc           ] GC(0) Pause Young (Normal) (G1 Evacuation Pause) 25M->6M(512M) 5.055ms
[2020-07-08T10:03:52.602-0200][gc,cpu       ] GC(0) User=0.03s Sys=0.02s Real=0.01s
[2020-07-08T12:29:09.963-0200][gc,start     ] GC(1) Pause Young (Normal) (G1 Evacuation Pause)
[2020-07-08T12:29:09.963-0200][gc,task      ] GC(1) Using 12 workers of 13 for evacuation
[2020-07-08T12:29:09.968-0200][gc,phases    ] GC(1)   Pre Evacuate Collection Set: 0.1ms
[2020-07-08T12:29:09.968-0200][gc,phases    ] GC(1)   Evacuate Collection Set: 4.1ms
[2020-07-08T12:29:09.968-0200][gc,phases    ] GC(1)   Post Evacuate Collection Set: 0.3ms
[2020-07-08T12:29:09.968-0200][gc,phases    ] GC(1)   Other: 0.2ms
[2020-07-08T12:29:09.968-0200][gc,heap      ] GC(1) Eden regions: 21->0(24)
[2020-07-08T12:29:09.968-0200][gc,heap      ] GC(1) Survivor regions: 4->1(4)
[2020-07-08T12:29:09.968-0200][gc,heap      ] GC(1) Old regions: 3->7
[2020-07-08T12:29:09.968-0200][gc,heap      ] GC(1) Humongous regions: 0->0
[2020-07-08T12:29:09.968-0200][gc,metaspace ] GC(1) Metaspace: 16085K->16085K(1064960K)
[2020-07-08T12:29:09.968-0200][gc           ] GC(1) Pause Young (Normal) (G1 Evacuation Pause) 27M->6M(512M) 4.761ms
[2020-07-08T12:29:09.968-0200][gc,cpu       ] GC(1) User=0.03s Sys=0.01s Real=0.00s
[2020-07-08T15:08:03.508-0200][gc,heap,exit ] Heap
[2020-07-08T15:08:03.508-0200][gc,heap,exit ]  garbage-first heap   total 524288K, used 25058K [0x00000007e0000000, 0x0000000800000000)
[2020-07-08T15:08:03.508-0200][gc,heap,exit ]   region size 1024K, 20 young (20480K), 1 survivors (1024K)
[2020-07-08T15:08:03.508-0200][gc,heap,exit ]  Metaspace       used 16112K, capacity 16442K, committed 16640K, reserved 1064960K
[2020-07-08T15:08:03.508-0200][gc,heap,exit ]   class space    used 1587K, capacity 1710K, committed 1792K, reserved 1048576K
