[2020-07-09T11:18:37.298-0200][gc,heap] Heap region size: 1M
[2020-07-09T11:18:37.302-0200][gc     ] Using G1
[2020-07-09T11:18:37.302-0200][gc,heap,coops] Heap address: 0x00000007e0000000, size: 512 MB, Compressed Oops mode: Zero based, Oop shift amount: 3
[2020-07-09T11:18:40.997-0200][gc,start     ] GC(0) Pause Young (Normal) (G1 Evacuation Pause)
[2020-07-09T11:18:40.998-0200][gc,task      ] GC(0) Using 12 workers of 13 for evacuation
[2020-07-09T11:18:41.005-0200][gc,phases    ] GC(0)   Pre Evacuate Collection Set: 0.1ms
[2020-07-09T11:18:41.005-0200][gc,phases    ] GC(0)   Evacuate Collection Set: 6.5ms
[2020-07-09T11:18:41.005-0200][gc,phases    ] GC(0)   Post Evacuate Collection Set: 0.4ms
[2020-07-09T11:18:41.006-0200][gc,phases    ] GC(0)   Other: 1.4ms
[2020-07-09T11:18:41.006-0200][gc,heap      ] GC(0) Eden regions: 25->0(21)
[2020-07-09T11:18:41.006-0200][gc,heap      ] GC(0) Survivor regions: 0->4(4)
[2020-07-09T11:18:41.006-0200][gc,heap      ] GC(0) Old regions: 0->3
[2020-07-09T11:18:41.006-0200][gc,heap      ] GC(0) Humongous regions: 0->0
[2020-07-09T11:18:41.006-0200][gc,metaspace ] GC(0) Metaspace: 15255K->15255K(1062912K)
[2020-07-09T11:18:41.006-0200][gc           ] GC(0) Pause Young (Normal) (G1 Evacuation Pause) 25M->6M(512M) 8.594ms
[2020-07-09T11:18:41.006-0200][gc,cpu       ] GC(0) User=0.05s Sys=0.02s Real=0.01s
[2020-07-09T12:45:17.775-0200][gc,heap,exit ] Heap
[2020-07-09T12:45:17.775-0200][gc,heap,exit ]  garbage-first heap   total 524288K, used 22571K [0x00000007e0000000, 0x0000000800000000)
[2020-07-09T12:45:17.775-0200][gc,heap,exit ]   region size 1024K, 21 young (21504K), 4 survivors (4096K)
[2020-07-09T12:45:17.775-0200][gc,heap,exit ]  Metaspace       used 16179K, capacity 16506K, committed 16896K, reserved 1064960K
[2020-07-09T12:45:17.775-0200][gc,heap,exit ]   class space    used 1588K, capacity 1710K, committed 1792K, reserved 1048576K
